
> vehicle-rental@0.0.0 start
> ng serve --host 127.0.0.1

> Building...
√ Building...
Application bundle generation failed. [13.126 seconds] - 2026-08-16T14:17:46.828Z

Watch mode enabled. Watching for file changes...
> Changes detected. Rebuilding...
√ Changes detected. Rebuilding...
Application bundle generation failed. [14.091 seconds] - 2026-08-16T14:45:18.582Z

> Changes detected. Rebuilding...
√ Changes detected. Rebuilding...
Application bundle generation failed. [0.818 seconds] - 2026-08-16T14:45:19.436Z

> Changes detected. Rebuilding...
√ Changes detected. Rebuilding...
Application bundle generation failed. [0.038 seconds] - 2026-08-16T14:46:26.271Z

> Changes detected. Rebuilding...
√ Changes detected. Rebuilding...
Application bundle generation failed. [2.468 seconds] - 2026-08-16T14:48:52.176Z

> Changes detected. Rebuilding...
√ Changes detected. Rebuilding...
Application bundle generation failed. [2.948 seconds] - 2026-08-16T14:53:32.829Z

> Changes detected. Rebuilding...
√ Changes detected. Rebuilding...
Application bundle generation failed. [3.684 seconds] - 2026-08-16T14:53:50.697Z

> Changes detected. Rebuilding...
√ Changes detected. Rebuilding...
Application bundle generation failed. [2.954 seconds] - 2026-08-16T14:54:09.430Z

> Changes detected. Rebuilding...
√ Changes detected. Rebuilding...
Application bundle generation failed. [2.727 seconds] - 2026-08-16T14:54:20.936Z

> Changes detected. Rebuilding...
√ Changes detected. Rebuilding...
Application bundle generation failed. [1.719 seconds] - 2026-08-16T14:54:36.194Z

> Changes detected. Rebuilding...
√ Changes detected. Rebuilding...
Application bundle generation failed. [2.927 seconds] - 2026-08-16T14:57:04.609Z

> Changes detected. Rebuilding...
√ Changes detected. Rebuilding...
Application bundle generation failed. [2.337 seconds] - 2026-08-16T14:58:17.001Z

> Changes detected. Rebuilding...
√ Changes detected. Rebuilding...
Application bundle generation failed. [4.458 seconds] - 2026-08-16T15:00:46.920Z

> Changes detected. Rebuilding...
√ Changes detected. Rebuilding...
Application bundle generation failed. [3.719 seconds] - 2026-08-16T15:01:01.489Z

> Changes detected. Rebuilding...
√ Changes detected. Rebuilding...
Application bundle generation failed. [3.451 seconds] - 2026-08-16T15:03:10.301Z

> Changes detected. Rebuilding...
√ Changes detected. Rebuilding...
Application bundle generation failed. [2.180 seconds] - 2026-08-16T15:05:01.273Z

> Changes detected. Rebuilding...
√ Changes detected. Rebuilding...
Application bundle generation failed. [1.919 seconds] - 2026-08-16T15:05:29.764Z

> Changes detected. Rebuilding...
√ Changes detected. Rebuilding...
Application bundle generation failed. [1.898 seconds] - 2026-08-16T15:06:46.003Z

> Changes detected. Rebuilding...
√ Changes detected. Rebuilding...
Application bundle generation failed. [3.385 seconds] - 2026-08-16T15:06:58.925Z

> Changes detected. Rebuilding...
√ Changes detected. Rebuilding...
Application bundle generation failed. [1.333 seconds] - 2026-08-16T15:07:11.268Z

> Changes detected. Rebuilding...
√ Changes detected. Rebuilding...
Application bundle generation failed. [1.526 seconds] - 2026-08-16T15:07:16.706Z

> Changes detected. Rebuilding...
√ Changes detected. Rebuilding...
Application bundle generation failed. [1.617 seconds] - 2026-08-16T15:07:40.658Z

> Changes detected. Rebuilding...
√ Changes detected. Rebuilding...
Application bundle generation failed. [1.475 seconds] - 2026-08-16T15:08:23.793Z

> Changes detected. Rebuilding...
√ Changes detected. Rebuilding...
Application bundle generation failed. [2.461 seconds] - 2026-08-16T15:08:34.927Z

> Changes detected. Rebuilding...
√ Changes detected. Rebuilding...
Application bundle generation failed. [1.979 seconds] - 2026-08-16T15:08:39.724Z

> Changes detected. Rebuilding...
√ Changes detected. Rebuilding...
Application bundle generation failed. [2.575 seconds] - 2026-08-16T15:09:03.621Z

> Changes detected. Rebuilding...
√ Changes detected. Rebuilding...
Application bundle generation failed. [2.620 seconds] - 2026-08-16T15:09:13.749Z

> Changes detected. Rebuilding...
√ Changes detected. Rebuilding...
Application bundle generation failed. [1.901 seconds] - 2026-08-16T15:10:44.294Z

> Changes detected. Rebuilding...
√ Changes detected. Rebuilding...
Application bundle generation failed. [2.674 seconds] - 2026-08-16T15:10:54.136Z

> Changes detected. Rebuilding...
√ Changes detected. Rebuilding...
Application bundle generation failed. [1.693 seconds] - 2026-08-16T15:11:30.464Z

> Changes detected. Rebuilding...
√ Changes detected. Rebuilding...
Application bundle generation failed. [3.587 seconds] - 2026-08-16T15:14:03.830Z

> Changes detected. Rebuilding...
√ Changes detected. Rebuilding...
Application bundle generation failed. [1.666 seconds] - 2026-08-16T15:14:51.523Z

> Changes detected. Rebuilding...
√ Changes detected. Rebuilding...
Application bundle generation failed. [2.706 seconds] - 2026-08-16T15:15:01.475Z

> Changes detected. Rebuilding...
√ Changes detected. Rebuilding...
Application bundle generation failed. [1.707 seconds] - 2026-08-16T15:16:32.736Z

> Changes detected. Rebuilding...
√ Changes detected. Rebuilding...
Application bundle generation failed. [3.010 seconds] - 2026-08-16T15:18:06.494Z

> Changes detected. Rebuilding...
√ Changes detected. Rebuilding...
Application bundle generation failed. [2.273 seconds] - 2026-08-16T15:18:16.011Z

> Changes detected. Rebuilding...
√ Changes detected. Rebuilding...
Application bundle generation failed. [1.394 seconds] - 2026-08-16T15:18:23.014Z

> Changes detected. Rebuilding...
√ Changes detected. Rebuilding...
Application bundle generation failed. [3.410 seconds] - 2026-08-16T15:23:36.726Z

> Changes detected. Rebuilding...
√ Changes detected. Rebuilding...
Application bundle generation failed. [3.203 seconds] - 2026-08-16T15:23:41.400Z

> Changes detected. Rebuilding...
√ Changes detected. Rebuilding...
Application bundle generation failed. [2.742 seconds] - 2026-08-16T15:23:54.502Z

> Changes detected. Rebuilding...
√ Changes detected. Rebuilding...
Application bundle generation failed. [2.391 seconds] - 2026-08-16T15:24:00.998Z

> Changes detected. Rebuilding...
√ Changes detected. Rebuilding...
Application bundle generation failed. [3.184 seconds] - 2026-08-16T15:31:02.010Z

> Changes detected. Rebuilding...
√ Changes detected. Rebuilding...
Application bundle generation failed. [1.997 seconds] - 2026-08-16T15:31:07.324Z

> Changes detected. Rebuilding...
√ Changes detected. Rebuilding...
Application bundle generation failed. [1.233 seconds] - 2026-08-16T15:35:00.233Z

> Changes detected. Rebuilding...
√ Changes detected. Rebuilding...
Application bundle generation failed. [0.002 seconds] - 2026-08-16T15:35:38.636Z

> Changes detected. Rebuilding...
√ Changes detected. Rebuilding...
Application bundle generation failed. [0.007 seconds] - 2026-08-16T15:35:44.226Z

> Changes detected. Rebuilding...
√ Changes detected. Rebuilding...
Application bundle generation failed. [0.004 seconds] - 2026-08-16T15:36:48.203Z

> Changes detected. Rebuilding...
√ Changes detected. Rebuilding...
Application bundle generation failed. [0.010 seconds] - 2026-08-16T15:37:07.675Z

> Changes detected. Rebuilding...
√ Changes detected. Rebuilding...
Application bundle generation failed. [2.295 seconds] - 2026-08-16T15:37:30.583Z

> Changes detected. Rebuilding...
√ Changes detected. Rebuilding...
Application bundle generation failed. [2.320 seconds] - 2026-08-16T15:37:36.682Z

> Changes detected. Rebuilding...
√ Changes detected. Rebuilding...
Application bundle generation failed. [2.061 seconds] - 2026-08-16T15:37:55.654Z

> Changes detected. Rebuilding...
√ Changes detected. Rebuilding...
Application bundle generation failed. [2.325 seconds] - 2026-08-16T15:38:03.274Z

> Changes detected. Rebuilding...
√ Changes detected. Rebuilding...
Application bundle generation failed. [1.750 seconds] - 2026-08-16T15:40:06.227Z

> Changes detected. Rebuilding...
√ Changes detected. Rebuilding...
Application bundle generation failed. [2.414 seconds] - 2026-08-16T15:40:17.198Z

> Changes detected. Rebuilding...
√ Changes detected. Rebuilding...
Application bundle generation failed. [2.472 seconds] - 2026-08-16T15:42:14.470Z

> Changes detected. Rebuilding...
√ Changes detected. Rebuilding...
Application bundle generation failed. [1.927 seconds] - 2026-08-16T15:42:21.042Z

> Changes detected. Rebuilding...
√ Changes detected. Rebuilding...
Application bundle generation failed. [1.943 seconds] - 2026-08-16T15:43:23.271Z

> Changes detected. Rebuilding...
√ Changes detected. Rebuilding...
Application bundle generation failed. [2.280 seconds] - 2026-08-16T15:43:35.308Z

> Changes detected. Rebuilding...
√ Changes detected. Rebuilding...
Application bundle generation failed. [2.812 seconds] - 2026-08-16T15:43:57.151Z

> Changes detected. Rebuilding...
√ Changes detected. Rebuilding...
Application bundle generation failed. [1.895 seconds] - 2026-08-16T15:44:09.141Z

> Changes detected. Rebuilding...
√ Changes detected. Rebuilding...
Application bundle generation failed. [1.905 seconds] - 2026-08-16T15:44:20.660Z

> Changes detected. Rebuilding...
√ Changes detected. Rebuilding...
Application bundle generation failed. [2.871 seconds] - 2026-08-16T15:51:02.335Z

> Changes detected. Rebuilding...
√ Changes detected. Rebuilding...
Application bundle generation failed. [1.325 seconds] - 2026-08-16T15:51:09.686Z

> Changes detected. Rebuilding...
√ Changes detected. Rebuilding...
Application bundle generation failed. [1.398 seconds] - 2026-08-16T15:53:32.658Z

> Changes detected. Rebuilding...
√ Changes detected. Rebuilding...
Application bundle generation failed. [0.891 seconds] - 2026-08-16T15:53:37.872Z

> Changes detected. Rebuilding...
√ Changes detected. Rebuilding...
Application bundle generation failed. [0.008 seconds] - 2026-08-16T15:54:01.622Z

Changes detected. Rebuilding...
√ Changes detected. Rebuilding...
Application bundle generation failed. [1.918 seconds] - 2026-08-16T15:44:09.164Z

> Changes detected. Rebuilding...
√ Changes detected. Rebuilding...
Application bundle generation failed. [1.931 seconds] - 2026-08-16T15:44:20.687Z

> Changes detected. Rebuilding...
√ Changes detected. Rebuilding...
Application bundle generation failed. [2.800 seconds] - 2026-08-16T15:51:02.266Z

> Changes detected. Rebuilding...
√ Changes detected. Rebuilding...
Application bundle generation failed. [1.237 seconds] - 2026-08-16T15:51:09.599Z

> Changes detected. Rebuilding...
√ Changes detected. Rebuilding...
Application bundle generation failed. [1.407 seconds] - 2026-08-16T15:53:32.640Z

> Changes detected. Rebuilding...
√ Changes detected. Rebuilding...
Application bundle generation failed. [0.884 seconds] - 2026-08-16T15:53:37.865Z

> Changes detected. Rebuilding...
√ Changes detected. Rebuilding...
Application bundle generation failed. [0.003 seconds] - 2026-08-16T15:54:01.616Z

